Performing C SOURCE FILE Test CMAKE_HAVE_LIBC_PTHREAD failed with the following output:
Change Dir: /inxware/ert-contrib-middleware/contrib/s2n-tls/build/CMakeFiles/CMakeTmp

Run Build Command(s):/usr/bin/gmake cmTC_9bc66/fast && /usr/bin/gmake  -f CMakeFiles/cmTC_9bc66.dir/build.make CMakeFiles/cmTC_9bc66.dir/build
gmake[1]: Entering directory '/inxware/ert-contrib-middleware/contrib/s2n-tls/build/CMakeFiles/CMakeTmp'
Building C object CMakeFiles/cmTC_9bc66.dir/src.c.o
/usr/bin/clang   -I/inxware/ert-contrib-middleware/inx_build_scripts/../target_libs/x86_64-linux-gnu-clang11_unknown_base/build/include -I/inxware/ert-contrib-middleware/inx_build_scripts/../../ert-build-support/support_libs/target_libs/x86_64-linux-gnuunknown/build/include/ -I/inxware/ert-contrib-middleware/inx_build_scripts/../../ert-build-support/kernel-dependencies/linux/2.6.35.30 -DCMAKE_HAVE_LIBC_PTHREAD -o CMakeFiles/cmTC_9bc66.dir/src.c.o -c /inxware/ert-contrib-middleware/contrib/s2n-tls/build/CMakeFiles/CMakeTmp/src.c
Linking C executable cmTC_9bc66
/usr/bin/cmake -E cmake_link_script CMakeFiles/cmTC_9bc66.dir/link.txt --verbose=1
/usr/bin/clang -I/inxware/ert-contrib-middleware/inx_build_scripts/../target_libs/x86_64-linux-gnu-clang11_unknown_base/build/include -I/inxware/ert-contrib-middleware/inx_build_scripts/../../ert-build-support/support_libs/target_libs/x86_64-linux-gnuunknown/build/include/ -I/inxware/ert-contrib-middleware/inx_build_scripts/../../ert-build-support/kernel-dependencies/linux/2.6.35.30 -DCMAKE_HAVE_LIBC_PTHREAD -L/inxware/ert-contrib-middleware/inx_build_scripts/../target_libs/x86_64-linux-gnu-clang11_unknown_base/build/lib  -L/inxware/ert-contrib-middleware/inx_build_scripts/../../ert-build-support/support_libs/target_libs/x86_64-linux-gnuunknown/build/lib  -L/inxware/ert-contrib-middleware/inx_build_scripts/../target_libs/x86_64-linux-gnu-clang11_unknown_base/build/lib/../usr/lib/x86_64-linux-gnu/  -rdynamic CMakeFiles/cmTC_9bc66.dir/src.c.o -o cmTC_9bc66 
/usr/bin/ld: CMakeFiles/cmTC_9bc66.dir/src.c.o: in function `main':
src.c:(.text+0x35): undefined reference to `pthread_create'
/usr/bin/ld: src.c:(.text+0x41): undefined reference to `pthread_detach'
/usr/bin/ld: src.c:(.text+0x4d): undefined reference to `pthread_cancel'
/usr/bin/ld: src.c:(.text+0x5f): undefined reference to `pthread_join'
clang: error: linker command failed with exit code 1 (use -v to see invocation)
gmake[1]: *** [CMakeFiles/cmTC_9bc66.dir/build.make:106: cmTC_9bc66] Error 1
gmake[1]: Leaving directory '/inxware/ert-contrib-middleware/contrib/s2n-tls/build/CMakeFiles/CMakeTmp'
gmake: *** [Makefile:140: cmTC_9bc66/fast] Error 2


Source file was:
#include <pthread.h>

void* test_func(void* data)
{
  return data;
}

int main(void)
{
  pthread_t thread;
  pthread_create(&thread, NULL, test_func, NULL);
  pthread_detach(thread);
  pthread_cancel(thread);
  pthread_join(thread, NULL);
  pthread_atfork(NULL, NULL, NULL);
  pthread_exit(NULL);

  return 0;
}

Checking whether the ASM compiler is GNU using "--version" did not match "(GNU assembler)|(GCC)|(Free Software Foundation)":
Debian clang version 11.0.1-2
Target: x86_64-pc-linux-gnu
Thread model: posix
InstalledDir: /usr/bin
