This file contains any messages produced by compilers while
running configure, to aid debugging if configure makes a mistake.

It was created by curl configure -, which was
generated by GNU Autoconf 2.71.  Invocation command line was

  $ ./configure --without-random --prefix=/home/pdrezet/workspace/inxware/ert-contrib-middleware/inx_build_scripts/../target_libs/i686-linux-gnu-i686-pc-linux-gnu-4.4.6_unknown_gtk_gst_test-to-delete/build --host=i686-linux-gnu --build=x86_64-linux

## --------- ##
## Platform. ##
## --------- ##

hostname = LAPTOP-88O6E747
uname -m = x86_64
uname -r = 6.6.87.2-microsoft-standard-WSL2
uname -s = Linux
uname -v = #1 SMP PREEMPT_DYNAMIC Thu Jun  5 18:30:46 UTC 2025

/usr/bin/uname -p = x86_64
/bin/uname -X     = unknown

/bin/arch              = x86_64
/usr/bin/arch -k       = unknown
/usr/convex/getsysinfo = unknown
/usr/bin/hostinfo      = unknown
/bin/machine           = unknown
/usr/bin/oslevel       = unknown
/bin/universe          = unknown

PATH: /home/pdrezet/workspace/inxware/ert-contrib-middleware/inx_build_scripts/../../ert-build-support/toolchains/x86_64/i686-pc-linux-gnu-4.4.6/bin/
PATH: /home/pdrezet/.local/bin/
PATH: /home/pdrezet/.nvm/versions/node/v22.17.1/bin/
PATH: /home/pdrezet/.yarn/bin/
PATH: /home/pdrezet/.config/yarn/global/node_modules/.bin/
PATH: /usr/local/sbin/
PATH: /usr/local/bin/
PATH: /usr/sbin/
PATH: /usr/bin/
PATH: /sbin/
PATH: /bin/
PATH: /usr/games/
PATH: /usr/local/games/
PATH: /usr/lib/wsl/lib/
PATH: /mnt/c/Program Files/WindowsApps/MicrosoftCorporationII.WindowsSubsystemForLinux_2.6.2.0_x64__8wekyb3d8bbwe/
PATH: /mnt/c/Users/Aybike/Desktop/mingw-w64-i686-curl-winssl-7.88.1-2-any.pkg/mingw32/bin/
PATH: /mnt/c/WINDOWS/
PATH: /mnt/c/WINDOWS/System32/Wbem/
PATH: /mnt/c/WINDOWS/System32/WindowsPowerShell/v1.0/
PATH: /mnt/c/WINDOWS/System32/OpenSSH/
PATH: /mnt/c/Users/dmacr/AppData/Roaming/nvm/
PATH: /mnt/c/Program Files/nodejs/
PATH: /mnt/c/Users/dmacr/AppData/Roaming/inx/brix/EHS/ehs_env-win_x86_gtk_gst/bin/cslib/
PATH: /mnt/c/Users/dmacr/AppData/Local/Microsoft/WindowsApps/
PATH: /mnt/c/Users/dmacr/AppData/Local/Programs/Microsoft VS Code/bin/
PATH: /mnt/c/Users/dmacr/AppData/Roaming/npm, C/
PATH: /PHP7.4/
PATH: /mnt/c/Program Files/Meld/
PATH: /mnt/c/WINDOWS/system32/
PATH: /mnt/c/WINDOWS/
PATH: /mnt/c/WINDOWS/System32/Wbem/
PATH: /mnt/c/WINDOWS/System32/WindowsPowerShell/v1.0/
PATH: /mnt/c/WINDOWS/System32/OpenSSH/
PATH: /mnt/c/Program Files/usbipd-win/
PATH: /mnt/c/Program Files/Git/cmd/
PATH: /mnt/c/Program Files/PuTTY/
PATH: /mnt/c/Program Files/dotnet/
PATH: /mnt/c/Users/pdrez/AppData/Local/Microsoft/WindowsApps/
PATH: /mnt/c/Users/pdrez/AppData/Local/Programs/Microsoft VS Code/bin/
PATH: /snap/bin/


## ----------- ##
## Core tests. ##
## ----------- ##

configure:3315: looking for aux files: ltmain.sh config.guess config.sub missing compile install-sh
configure:3328:  trying ./
configure:3357:   ./ltmain.sh found
configure:3357:   ./config.guess found
configure:3357:   ./config.sub found
configure:3357:   ./missing found
configure:3357:   ./compile found
configure:3339:   ./install-sh found
configure:3483: checking whether to enable maintainer-specific portions of Makefiles
configure:3493: result: no
configure:3518: checking whether make supports nested variables
configure:3536: result: yes
configure:3549: checking whether to enable debug build options
configure:3572: result: no
configure:3576: checking whether to enable compiler optimizer
configure:3598: result: (assumed) yes
configure:3610: checking whether to enable strict compiler warnings
configure:3630: result: no
configure:3634: checking whether to enable compiler warnings as errors
configure:3654: result: no
configure:3658: checking whether to enable curl debug memory tracking
configure:3681: result: no
configure:3698: checking whether to enable hiding of library internal symbols
configure:3715: result: yes
configure:3726: checking whether to enable c-ares for DNS lookups
configure:3749: result: no
configure:3753: checking whether to disable dependency on -lrt
configure:3770: result: (assumed no)
configure:3781: checking whether to enable ECH support
configure:3800: result: no
configure:3831: checking for path separator
configure:3833: result: :
configure:3853: checking for sed
configure:3877: found /usr/bin/sed
configure:3890: result: /usr/bin/sed
configure:3907: checking for grep
configure:3931: found /usr/bin/grep
configure:3944: result: /usr/bin/grep
configure:3959: checking that grep -E works
configure:3963: result: yes
configure:4275: using CFLAGS:  -I/home/pdrezet/workspace/inxware/ert-contrib-middleware/inx_build_scripts/../target_libs/i686-linux-gnu-i686-pc-linux-gnu-4.4.6_unknown_gtk_gst_test-to-delete/build/include -I/home/pdrezet/workspace/inxware/ert-contrib-middleware/inx_build_scripts/../../ert-build-support/support_libs/target_libs/i686-linux-gnuunknown/build/include/ -I/home/pdrezet/workspace/inxware/ert-contrib-middleware/inx_build_scripts/../../ert-build-support/kernel-dependencies/linux/2.6.35.9 
configure:4289: CFLAGS note: CFLAGS should only be used to specify C compiler flags, not include directories. Use CPPFLAGS for: -I/home/pdrezet/workspace/inxware/ert-contrib-middleware/inx_build_scripts/../target_libs/i686-linux-gnu-i686-pc-linux-gnu-4.4.6_unknown_gtk_gst_test-to-delete/build/include
configure:4289: CFLAGS note: CFLAGS should only be used to specify C compiler flags, not include directories. Use CPPFLAGS for: -I/home/pdrezet/workspace/inxware/ert-contrib-middleware/inx_build_scripts/../../ert-build-support/support_libs/target_libs/i686-linux-gnuunknown/build/include/
configure:4289: CFLAGS note: CFLAGS should only be used to specify C compiler flags, not include directories. Use CPPFLAGS for: -I/home/pdrezet/workspace/inxware/ert-contrib-middleware/inx_build_scripts/../../ert-build-support/kernel-dependencies/linux/2.6.35.9
configure:4312: WARNING: Continuing even with errors mentioned immediately above this line.
configure:4332: checking for a BSD-compatible install
configure:4405: result: /usr/bin/install -c
configure:4437: checking for i686-linux-gnu-gcc
configure:4469: result: i686-pc-linux-gnu-gcc
configure:4867: checking for C compiler version
configure:4876: i686-pc-linux-gnu-gcc --version >&5
i686-pc-linux-gnu-gcc (GCC) 4.4.6
Copyright (C) 2010 Free Software Foundation, Inc.
This is free software; see the source for copying conditions.  There is NO
warranty; not even for MERCHANTABILITY or FITNESS FOR A PARTICULAR PURPOSE.

configure:4887: $? = 0
configure:4876: i686-pc-linux-gnu-gcc -v >&5
Using built-in specs.
Target: i686-pc-linux-gnu
Configured with: ../gcc-4.4.6/configure --prefix=/home/pierre/workspace/INX/EHS-build-support/toolchains/inx-build-scripts/../x86_64/i686-pc-linux-gnu-4.4.6 --with-build-sysroot=/home/pierre/workspace/INX/EHS-build-support/toolchains/inx-build-scripts/../x86_64/i686-pc-linux-gnu-4.4.6/sysroot --build=x86_64-pc-linux-gnu --host=x86_64-pc-linux-gnu --target=i686-pc-linux-gnu --enable-multilib --enable-checking=none --enable-languages=c,c++ --enable-nls --enable-tls --enable-threads=posix --enable-shared --disable-hidden-plt --disable-bootstrap --enable-__cxa_atexit --with-gmp=/home/pierre/workspace/INX/EHS-build-support/toolchains/inx-build-scripts/../x86_64/i686-pc-linux-gnu-4.4.6 --with-mpfr=/home/pierre/workspace/INX/EHS-build-support/toolchains/inx-build-scripts/../x86_64/i686-pc-linux-gnu-4.4.6 --with-cloog=/home/pierre/workspace/INX/EHS-build-support/toolchains/inx-build-scripts/../x86_64/i686-pc-linux-gnu-4.4.6 --with-sysroot=/home/pierre/workspace/INX/EHS-build-support/toolchains/inx-build-scripts/../x86_64/i686-pc-linux-gnu-4.4.6/sysroot --with-build-sysroot=/home/pierre/workspace/INX/EHS-build-support/toolchains/inx-build-scripts/../x86_64/i686-pc-linux-gnu-4.4.6/sysroot --with-system-zlib CFLAGS=-O2 --with-cpu=i686 --with-arch=i686
Thread model: posix
gcc version 4.4.6 (GCC) 
configure:4887: $? = 0
configure:4876: i686-pc-linux-gnu-gcc -V >&5
i686-pc-linux-gnu-gcc: '-V' option must have argument
configure:4887: $? = 1
configure:4876: i686-pc-linux-gnu-gcc -qversion >&5
i686-pc-linux-gnu-gcc: unrecognized option '-qversion'
i686-pc-linux-gnu-gcc: no input files
configure:4887: $? = 1
configure:4876: i686-pc-linux-gnu-gcc -version >&5
i686-pc-linux-gnu-gcc: unrecognized option '-version'
i686-pc-linux-gnu-gcc: no input files
configure:4887: $? = 1
configure:4906: checking whether the C compiler works
configure:4928: i686-pc-linux-gnu-gcc  -I/home/pdrezet/workspace/inxware/ert-contrib-middleware/inx_build_scripts/../target_libs/i686-linux-gnu-i686-pc-linux-gnu-4.4.6_unknown_gtk_gst_test-to-delete/build/include -I/home/pdrezet/workspace/inxware/ert-contrib-middleware/inx_build_scripts/../../ert-build-support/support_libs/target_libs/i686-linux-gnuunknown/build/include/ -I/home/pdrezet/workspace/inxware/ert-contrib-middleware/inx_build_scripts/../../ert-build-support/kernel-dependencies/linux/2.6.35.9    -L/home/pdrezet/workspace/inxware/ert-contrib-middleware/inx_build_scripts/../target_libs/i686-linux-gnu-i686-pc-linux-gnu-4.4.6_unknown_gtk_gst_test-to-delete/build/lib  -L/home/pdrezet/workspace/inxware/ert-contrib-middleware/inx_build_scripts/../../ert-build-support/support_libs/target_libs/i686-linux-gnuunknown/build/lib  -L/home/pdrezet/workspace/inxware/ert-contrib-middleware/inx_build_scripts/../target_libs/i686-linux-gnu-i686-pc-linux-gnu-4.4.6_unknown_gtk_gst_test-to-delete/build/lib/../usr/lib/i686-linux-gnu/  conftest.c  >&5
/tmp/ccSC4z0P.s: Assembler messages:
/tmp/ccSC4z0P.s:6: Error: invalid instruction suffix for `push'
/tmp/ccSC4z0P.s:9: Error: invalid instruction suffix for `pop'
configure:4932: $? = 1
configure:4972: result: no
configure: failed program was:
| /* confdefs.h */
| #define PACKAGE_NAME "curl"
| #define PACKAGE_TARNAME "curl"
| #define PACKAGE_VERSION "-"
| #define PACKAGE_STRING "curl -"
| #define PACKAGE_BUGREPORT "a suitable curl mailing list: https://curl.se/mail/"
| #define PACKAGE_URL ""
| /* end confdefs.h.  */
| 
| int main (void)
| {
| 
|  ;
|  return 0;
| }
configure:4977: error: in `/home/pdrezet/workspace/inxware/ert-contrib-middleware/contrib/curl/curl-7.88.1':
configure:4979: error: C compiler cannot create executables
See `config.log' for more details

## ---------------- ##
## Cache variables. ##
## ---------------- ##

ac_cv_env_CC_set=set
ac_cv_env_CC_value=i686-pc-linux-gnu-gcc
ac_cv_env_CFLAGS_set=set
ac_cv_env_CFLAGS_value=' -I/home/pdrezet/workspace/inxware/ert-contrib-middleware/inx_build_scripts/../target_libs/i686-linux-gnu-i686-pc-linux-gnu-4.4.6_unknown_gtk_gst_test-to-delete/build/include -I/home/pdrezet/workspace/inxware/ert-contrib-middleware/inx_build_scripts/../../ert-build-support/support_libs/target_libs/i686-linux-gnuunknown/build/include/ -I/home/pdrezet/workspace/inxware/ert-contrib-middleware/inx_build_scripts/../../ert-build-support/kernel-dependencies/linux/2.6.35.9 '
ac_cv_env_CPPFLAGS_set=
ac_cv_env_CPPFLAGS_value=
ac_cv_env_CPP_set=
ac_cv_env_CPP_value=
ac_cv_env_LDFLAGS_set=set
ac_cv_env_LDFLAGS_value=' -L/home/pdrezet/workspace/inxware/ert-contrib-middleware/inx_build_scripts/../target_libs/i686-linux-gnu-i686-pc-linux-gnu-4.4.6_unknown_gtk_gst_test-to-delete/build/lib  -L/home/pdrezet/workspace/inxware/ert-contrib-middleware/inx_build_scripts/../../ert-build-support/support_libs/target_libs/i686-linux-gnuunknown/build/lib  -L/home/pdrezet/workspace/inxware/ert-contrib-middleware/inx_build_scripts/../target_libs/i686-linux-gnu-i686-pc-linux-gnu-4.4.6_unknown_gtk_gst_test-to-delete/build/lib/../usr/lib/i686-linux-gnu/ '
ac_cv_env_LIBS_set=
ac_cv_env_LIBS_value=
ac_cv_env_LT_SYS_LIBRARY_PATH_set=
ac_cv_env_LT_SYS_LIBRARY_PATH_value=
ac_cv_env_build_alias_set=set
ac_cv_env_build_alias_value=x86_64-linux
ac_cv_env_host_alias_set=set
ac_cv_env_host_alias_value=i686-linux-gnu
ac_cv_env_target_alias_set=
ac_cv_env_target_alias_value=
ac_cv_path_GREP=/usr/bin/grep
ac_cv_path_SED=/usr/bin/sed
ac_cv_path_install='/usr/bin/install -c'
ac_cv_prog_CC=i686-pc-linux-gnu-gcc
am_cv_make_support_nested_variables=yes

## ----------------- ##
## Output variables. ##
## ----------------- ##

ACLOCAL=''
AMDEPBACKSLASH=''
AMDEP_FALSE=''
AMDEP_TRUE=''
AMTAR=''
AM_BACKSLASH='\'
AM_DEFAULT_V='$(AM_DEFAULT_VERBOSITY)'
AM_DEFAULT_VERBOSITY='0'
AM_V='$(V)'
APACHECTL=''
APXS=''
AR='i686-pc-linux-gnu-ar'
AR_FLAGS=''
AS=''
AUTOCONF=''
AUTOHEADER=''
AUTOMAKE=''
AWK=''
BLANK_AT_MAKETIME=''
BUILD_LIBHOSTNAME_FALSE=''
BUILD_LIBHOSTNAME_TRUE=''
BUILD_STUB_GSS_FALSE=''
BUILD_STUB_GSS_TRUE=''
BUILD_UNITTESTS_FALSE=''
BUILD_UNITTESTS_TRUE=''
CADDY=''
CC='i686-pc-linux-gnu-gcc'
CCDEPMODE=''
CFLAGS=' -I/home/pdrezet/workspace/inxware/ert-contrib-middleware/inx_build_scripts/../target_libs/i686-linux-gnu-i686-pc-linux-gnu-4.4.6_unknown_gtk_gst_test-to-delete/build/include -I/home/pdrezet/workspace/inxware/ert-contrib-middleware/inx_build_scripts/../../ert-build-support/support_libs/target_libs/i686-linux-gnuunknown/build/include/ -I/home/pdrezet/workspace/inxware/ert-contrib-middleware/inx_build_scripts/../../ert-build-support/kernel-dependencies/linux/2.6.35.9 '
CFLAG_CURL_SYMBOL_HIDING=''
CONFIGURE_OPTIONS='" '\''--without-random'\'' '\''--prefix=/home/pdrezet/workspace/inxware/ert-contrib-middleware/inx_build_scripts/../target_libs/i686-linux-gnu-i686-pc-linux-gnu-4.4.6_unknown_gtk_gst_test-to-delete/build'\'' '\''--host=i686-linux-gnu'\'' '\''--build=x86_64-linux'\'' '\''build_alias=x86_64-linux'\'' '\''host_alias=i686-linux-gnu'\'' '\''CC=i686-pc-linux-gnu-gcc'\'' '\''CFLAGS= -I/home/pdrezet/workspace/inxware/ert-contrib-middleware/inx_build_scripts/../target_libs/i686-linux-gnu-i686-pc-linux-gnu-4.4.6_unknown_gtk_gst_test-to-delete/build/include -I/home/pdrezet/workspace/inxware/ert-contrib-middleware/inx_build_scripts/../../ert-build-support/support_libs/target_libs/i686-linux-gnuunknown/build/include/ -I/home/pdrezet/workspace/inxware/ert-contrib-middleware/inx_build_scripts/../../ert-build-support/kernel-dependencies/linux/2.6.35.9 '\'' '\''LDFLAGS= -L/home/pdrezet/workspace/inxware/ert-contrib-middleware/inx_build_scripts/../target_libs/i686-linux-gnu-i686-pc-linux-gnu-4.4.6_unknown_gtk_gst_test-to-delete/build/lib  -L/home/pdrezet/workspace/inxware/ert-contrib-middleware/inx_build_scripts/../../ert-build-support/support_libs/target_libs/i686-linux-gnuunknown/build/lib  -L/home/pdrezet/workspace/inxware/ert-contrib-middleware/inx_build_scripts/../target_libs/i686-linux-gnu-i686-pc-linux-gnu-4.4.6_unknown_gtk_gst_test-to-delete/build/lib/../usr/lib/i686-linux-gnu/ '\''"'
CPP=''
CPPFLAGS=''
CPPFLAG_CURL_STATICLIB=''
CROSSCOMPILING_FALSE=''
CROSSCOMPILING_TRUE=''
CSCOPE=''
CTAGS=''
CURLDEBUG_FALSE=''
CURLDEBUG_TRUE=''
CURLVERSION='7.88.1'
CURL_CA_BUNDLE=''
CURL_CFLAG_EXTRAS=''
CURL_DISABLE_DICT=''
CURL_DISABLE_FILE=''
CURL_DISABLE_FTP=''
CURL_DISABLE_GOPHER=''
CURL_DISABLE_HTTP=''
CURL_DISABLE_IMAP=''
CURL_DISABLE_LDAP=''
CURL_DISABLE_LDAPS=''
CURL_DISABLE_MQTT=''
CURL_DISABLE_POP3=''
CURL_DISABLE_PROXY=''
CURL_DISABLE_RTSP=''
CURL_DISABLE_SMB=''
CURL_DISABLE_SMTP=''
CURL_DISABLE_TELNET=''
CURL_DISABLE_TFTP=''
CURL_LT_SHLIB_USE_MIMPURE_TEXT_FALSE=''
CURL_LT_SHLIB_USE_MIMPURE_TEXT_TRUE=''
CURL_LT_SHLIB_USE_NO_UNDEFINED_FALSE=''
CURL_LT_SHLIB_USE_NO_UNDEFINED_TRUE=''
CURL_LT_SHLIB_USE_VERSIONED_SYMBOLS_FALSE=''
CURL_LT_SHLIB_USE_VERSIONED_SYMBOLS_TRUE=''
CURL_LT_SHLIB_USE_VERSION_INFO_FALSE=''
CURL_LT_SHLIB_USE_VERSION_INFO_TRUE=''
CURL_LT_SHLIB_VERSIONED_FLAVOUR=''
CURL_NETWORK_AND_TIME_LIBS=''
CURL_NETWORK_LIBS=''
CURL_PLIST_VERSION=''
CURL_WITH_MULTI_SSL=''
CYGPATH_W=''
DEFAULT_SSL_BACKEND=''
DEFS=''
DEPDIR=''
DLLTOOL=''
DOING_CURL_SYMBOL_HIDING_FALSE=''
DOING_CURL_SYMBOL_HIDING_TRUE=''
DOING_NATIVE_WINDOWS_FALSE=''
DOING_NATIVE_WINDOWS_TRUE=''
DSYMUTIL=''
DUMPBIN=''
ECHO_C=''
ECHO_N='-n'
ECHO_T=''
EGREP='/usr/bin/grep -E'
ENABLE_SHARED=''
ENABLE_STATIC=''
ETAGS=''
EXEEXT=''
FGREP=''
FILECMD=''
FISH_FUNCTIONS_DIR=''
GCOV=''
GREP='/usr/bin/grep'
HAVE_BROTLI=''
HAVE_GNUTLS_SRP=''
HAVE_LDAP_SSL=''
HAVE_LIBZ=''
HAVE_LIBZ_FALSE=''
HAVE_LIBZ_TRUE=''
HAVE_OPENSSL_SRP=''
HAVE_PROTO_BSDSOCKET_H=''
HAVE_WINDRES_FALSE=''
HAVE_WINDRES_TRUE=''
HAVE_ZSTD=''
HTTPD=''
HTTPD_NGHTTPX=''
IDN_ENABLED=''
INSTALL_DATA='${INSTALL} -m 644'
INSTALL_PROGRAM='${INSTALL}'
INSTALL_SCRIPT='${INSTALL}'
INSTALL_STRIP_PROGRAM=''
IPV6_ENABLED=''
LCOV=''
LD='i686-pc-linux-gnu-ld'
LDFLAGS=' -L/home/pdrezet/workspace/inxware/ert-contrib-middleware/inx_build_scripts/../target_libs/i686-linux-gnu-i686-pc-linux-gnu-4.4.6_unknown_gtk_gst_test-to-delete/build/lib  -L/home/pdrezet/workspace/inxware/ert-contrib-middleware/inx_build_scripts/../../ert-build-support/support_libs/target_libs/i686-linux-gnuunknown/build/lib  -L/home/pdrezet/workspace/inxware/ert-contrib-middleware/inx_build_scripts/../target_libs/i686-linux-gnu-i686-pc-linux-gnu-4.4.6_unknown_gtk_gst_test-to-delete/build/lib/../usr/lib/i686-linux-gnu/ '
LIBCURL_LIBS=''
LIBCURL_NO_SHARED=''
LIBOBJS=''
LIBS=''
LIBTOOL=''
LIPO=''
LN_S=''
LTLIBOBJS=''
LT_SYS_LIBRARY_PATH=''
MAINT='#'
MAINTAINER_MODE_FALSE=''
MAINTAINER_MODE_TRUE='#'
MAKEINFO=''
MANIFEST_TOOL=''
MANOPT=''
MKDIR_P=''
NM='nm'
NMEDIT=''
NROFF=''
NSS_LIBS=''
OBJDUMP=''
OBJEXT=''
OTOOL64=''
OTOOL=''
PACKAGE=''
PACKAGE_BUGREPORT='a suitable curl mailing list: https://curl.se/mail/'
PACKAGE_NAME='curl'
PACKAGE_STRING='curl -'
PACKAGE_TARNAME='curl'
PACKAGE_URL=''
PACKAGE_VERSION='-'
PATH_SEPARATOR=':'
PERL=''
PKGADD_NAME=''
PKGADD_PKG=''
PKGADD_VENDOR=''
PKGCONFIG=''
RANDOM_FILE=''
RANLIB='i686-pc-linux-gnu-ranlib'
RC=''
REQUIRE_LIB_DEPS=''
SED='/usr/bin/sed'
SET_MAKE=''
SHELL='/bin/bash'
SSL_BACKENDS=''
SSL_ENABLED=''
SSL_LIBS=''
STRIP=''
SUPPORT_FEATURES=''
SUPPORT_PROTOCOLS=''
TEST_NGHTTPX=''
USE_ARES=''
USE_BEARSSL=''
USE_CPPFLAG_CURL_STATICLIB_FALSE=''
USE_CPPFLAG_CURL_STATICLIB_TRUE=''
USE_EXPLICIT_LIB_DEPS_FALSE=''
USE_EXPLICIT_LIB_DEPS_TRUE=''
USE_GNUTLS=''
USE_GSASL_FALSE=''
USE_GSASL_TRUE=''
USE_HYPER=''
USE_LIBPSL_FALSE=''
USE_LIBPSL_TRUE=''
USE_LIBRTMP=''
USE_LIBSSH2=''
USE_LIBSSH=''
USE_MANUAL_FALSE=''
USE_MANUAL_TRUE=''
USE_MBEDTLS=''
USE_MSH3=''
USE_NGHTTP2=''
USE_NGHTTP3=''
USE_NGTCP2=''
USE_NGTCP2_CRYPTO_GNUTLS=''
USE_NGTCP2_CRYPTO_OPENSSL=''
USE_NGTCP2_CRYPTO_WOLFSSL=''
USE_NSS=''
USE_OPENLDAP=''
USE_QUICHE=''
USE_RUSTLS=''
USE_SCHANNEL=''
USE_SECTRANSP=''
USE_UNIX_SOCKETS=''
USE_WIN32_CRYPTO=''
USE_WIN32_LARGE_FILES=''
USE_WIN32_SMALL_FILES=''
USE_WINDOWS_SSPI=''
USE_WOLFSSH=''
USE_WOLFSSL=''
VERSION=''
VERSIONNUM=''
ZLIB_LIBS=''
ZSH_FUNCTIONS_DIR=''
ac_ct_AR=''
ac_ct_CC=''
ac_ct_DUMPBIN=''
am__EXEEXT_FALSE=''
am__EXEEXT_TRUE=''
am__fastdepCC_FALSE=''
am__fastdepCC_TRUE=''
am__include=''
am__isrc=''
am__leading_dot=''
am__nodep=''
am__quote=''
am__tar=''
am__untar=''
bindir='${exec_prefix}/bin'
build='x86_64-linux'
build_alias='x86_64-linux'
build_cpu=''
build_os=''
build_vendor=''
datadir='${datarootdir}'
datarootdir='${prefix}/share'
docdir='${datarootdir}/doc/${PACKAGE_TARNAME}'
dvidir='${docdir}'
exec_prefix='NONE'
host='i686-linux-gnu'
host_alias='i686-linux-gnu'
host_cpu=''
host_os=''
host_vendor=''
htmldir='${docdir}'
includedir='${prefix}/include'
infodir='${datarootdir}/info'
install_sh=''
libdir='${exec_prefix}/lib'
libexecdir='${exec_prefix}/libexec'
libext=''
localedir='${datarootdir}/locale'
localstatedir='${prefix}/var'
mandir='${datarootdir}/man'
mkdir_p=''
oldincludedir='/usr/include'
pdfdir='${docdir}'
prefix='/home/pdrezet/workspace/inxware/ert-contrib-middleware/inx_build_scripts/../target_libs/i686-linux-gnu-i686-pc-linux-gnu-4.4.6_unknown_gtk_gst_test-to-delete/build'
program_transform_name='s,x,x,'
psdir='${docdir}'
runstatedir='${localstatedir}/run'
sbindir='${exec_prefix}/sbin'
sharedstatedir='${prefix}/com'
sysconfdir='${prefix}/etc'
target_alias=''

## ----------- ##
## confdefs.h. ##
## ----------- ##

/* confdefs.h */
#define PACKAGE_NAME "curl"
#define PACKAGE_TARNAME "curl"
#define PACKAGE_VERSION "-"
#define PACKAGE_STRING "curl -"
#define PACKAGE_BUGREPORT "a suitable curl mailing list: https://curl.se/mail/"
#define PACKAGE_URL ""

configure: exit 77
